******************************************************************************
                  TI ARM Linker PC v18.1.3                     
******************************************************************************
>> Linked Sun Nov 10 15:15:56 2019

OUTPUT FILE NAME:   <Servo_Control.out>
ENTRY POINT SYMBOL: "_c_int00_noinit_noargs"  address: 00000769


MEMORY CONFIGURATION

         name            origin    length      used     unused   attr    fill
----------------------  --------  ---------  --------  --------  ----  --------
  FLASH                 00000000   00040000  00000974  0003f68c  R  X
  SRAM                  20000000   00008000  00000200  00007e00  RW X


SEGMENT ALLOCATION MAP

run origin  load origin   length   init length attrs members
----------  ----------- ---------- ----------- ----- -------
00000000    00000000    00000974   00000974    r-x
  00000000    00000000    0000026c   0000026c    r-- .intvecs
  0000026c    0000026c    0000060c   0000060c    r-x .text
  00000878    00000878    000000fc   000000fc    r-- .const
20000000    20000000    00000200   00000000    rw-
  20000000    20000000    00000200   00000000    rw- .stack


SECTION ALLOCATION MAP

 output                                  attributes/
section   page    origin      length       input sections
--------  ----  ----------  ----------   ----------------
.intvecs   0    00000000    0000026c     
                  00000000    0000026c     tm4c123gh6pm_startup_ccs.obj (.intvecs)

.text      0    0000026c    0000060c     
                  0000026c    00000148     main.obj (.text)
                  000003b4    00000132     driverlib.lib : gpio.obj (.text:GPIOPadConfigSet)
                  000004e6    00000002     --HOLE-- [fill = 0]
                  000004e8    00000110                   : sysctl.obj (.text:SysCtlClockGet)
                  000005f8    000000f4                   : sysctl.obj (.text:SysCtlClockSet)
                  000006ec    00000048                   : gpio.obj (.text:GPIOPinConfigure)
                  00000734    00000034                   : sysctl.obj (.text:SysCtlPeripheralEnable)
                  00000768    00000030     rtsv7M4_T_le_v4SPD16_eabi.lib : boot_cortex_m.c.obj (.text:_c_int00_noinit_noargs:_c_int00_noinit_noargs)
                  00000798    0000002a     driverlib.lib : gpio.obj (.text:GPIODirModeSet)
                  000007c2    00000022                   : pwm.obj (.text:PWMGenConfigure)
                  000007e4    0000001e                   : pwm.obj (.text:PWMPulseWidthSet)
                  00000802    00000002     --HOLE-- [fill = 0]
                  00000804    00000014                   : sysctl.obj (.text:SysCtlPWMClockSet)
                  00000818    00000012                   : gpio.obj (.text:GPIOPinTypePWM)
                  0000082a    00000012                   : pwm.obj (.text:PWMOutputState)
                  0000083c    00000010                   : pwm.obj (.text:PWMGenPeriodSet)
                  0000084c    0000000c                   : pwm.obj (.text:PWMGenEnable)
                  00000858    0000000c     tm4c123gh6pm_startup_ccs.obj (.text)
                  00000864    00000006     driverlib.lib : gpio.obj (.text:GPIOPinRead)
                  0000086a    00000006                   : sysctl.obj (.text:SysCtlDelay)
                  00000870    00000004     rtsv7M4_T_le_v4SPD16_eabi.lib : pre_init.c.obj (.text:_system_pre_init)
                  00000874    00000004                                   : exit.c.obj (.text:abort:abort)

.const     0    00000878    000000fc     
                  00000878    00000090     driverlib.lib : gpio.obj (.const:g_pui32GPIOBaseAddrs)
                  00000908    0000006c                   : sysctl.obj (.const:g_pui32Xtals)

.cinit     0    00000000    00000000     UNINITIALIZED

.init_array 
*          0    00000000    00000000     UNINITIALIZED

.stack     0    20000000    00000200     UNINITIALIZED
                  20000000    00000004     rtsv7M4_T_le_v4SPD16_eabi.lib : boot_cortex_m.c.obj (.stack)
                  20000004    000001fc     --HOLE--

MODULE SUMMARY

       Module                         code   ro data   rw data
       ------                         ----   -------   -------
    .\
       tm4c123gh6pm_startup_ccs.obj   12     620       0      
       main.obj                       328    0         0      
    +--+------------------------------+------+---------+---------+
       Total:                         340    620       0      
                                                              
    C:/ti/TivaWare_C_Series-2.1.4.178/driverlib/ccs/Debug/driverlib.lib
       sysctl.obj                     594    108       0      
       gpio.obj                       444    144       0      
       pwm.obj                        110    0         0      
    +--+------------------------------+------+---------+---------+
       Total:                         1148   252       0      
                                                              
    C:\ti\ccsv8\tools\compiler\ti-cgt-arm_18.1.3.LTS\lib\rtsv7M4_T_le_v4SPD16_eabi.lib
       boot_cortex_m.c.obj            48     0         0      
       exit.c.obj                     4      0         0      
       pre_init.c.obj                 4      0         0      
    +--+------------------------------+------+---------+---------+
       Total:                         56     0         0      
                                                              
       Stack:                         0      0         512    
    +--+------------------------------+------+---------+---------+
       Grand Total:                   1544   872       512    


GLOBAL SYMBOLS: SORTED ALPHABETICALLY BY Name 

address   name                  
-------   ----                  
00000875  C$$EXIT               
00000799  GPIODirModeSet        
000003b5  GPIOPadConfigSet      
000006ed  GPIOPinConfigure      
00000865  GPIOPinRead           
00000819  GPIOPinTypePWM        
000007c3  PWMGenConfigure       
0000084d  PWMGenEnable          
0000083d  PWMGenPeriodSet       
0000082b  PWMOutputState        
000007e5  PWMPulseWidthSet      
00000859  ResetISR              
000004e9  SysCtlClockGet        
000005f9  SysCtlClockSet        
0000086b  SysCtlDelay           
00000805  SysCtlPWMClockSet     
00000735  SysCtlPeripheralEnable
20000200  __STACK_END           
00000200  __STACK_SIZE          
20000200  __STACK_TOP           
ffffffff  __TI_pprof_out_hndl   
ffffffff  __TI_prof_data_size   
ffffffff  __TI_prof_data_start  
00000000  __TI_static_base__    
ffffffff  __binit__             
ffffffff  __c_args__            
UNDEFED   __mpu_init            
20000000  __stack               
00000769  _c_int00_noinit_noargs
00000871  _system_pre_init      
00000875  abort                 
ffffffff  binit                 
00000000  g_pfnVectors          
0000026d  main                  


GLOBAL SYMBOLS: SORTED BY Symbol Address 

address   name                  
-------   ----                  
00000000  __TI_static_base__    
00000000  g_pfnVectors          
00000200  __STACK_SIZE          
0000026d  main                  
000003b5  GPIOPadConfigSet      
000004e9  SysCtlClockGet        
000005f9  SysCtlClockSet        
000006ed  GPIOPinConfigure      
00000735  SysCtlPeripheralEnable
00000769  _c_int00_noinit_noargs
00000799  GPIODirModeSet        
000007c3  PWMGenConfigure       
000007e5  PWMPulseWidthSet      
00000805  SysCtlPWMClockSet     
00000819  GPIOPinTypePWM        
0000082b  PWMOutputState        
0000083d  PWMGenPeriodSet       
0000084d  PWMGenEnable          
00000859  ResetISR              
00000865  GPIOPinRead           
0000086b  SysCtlDelay           
00000871  _system_pre_init      
00000875  C$$EXIT               
00000875  abort                 
20000000  __stack               
20000200  __STACK_END           
20000200  __STACK_TOP           
ffffffff  __TI_pprof_out_hndl   
ffffffff  __TI_prof_data_size   
ffffffff  __TI_prof_data_start  
ffffffff  __binit__             
ffffffff  __c_args__            
ffffffff  binit                 
UNDEFED   __mpu_init            

[34 symbols]
